.\venv\Scripts\pytest.exe : C:\Projects\telegram-profiler\venv\Lib\site-packages\pytest_asyncio\plugin.py:207: 
PytestDeprecationWarning: The configuration option "asyncio_default_fixture_loop_scope" is unset.
At line:1 char:1
+ .\venv\Scripts\pytest.exe tests/test_api_leads.py -vv > test_output.t ...
+ ~~~~~~~~~~~~~~~~~~~~~~~~~~~~~~~~~~~~~~~~~~~~~~~~~~~~~~~~~~~~~~~~~~~~~
    + CategoryInfo          : NotSpecified: (C:\Projects\tel...cope" is unset.:String) [], RemoteException
    + FullyQualifiedErrorId : NativeCommandError
 
The event loop scope for asynchronous fixtures will default to the fixture caching scope. Future versions of 
pytest-asyncio will default the loop scope for asynchronous fixtures to function scope. Set the default fixture loop 
scope explicitly in order to avoid unexpected behavior in the future. Valid fixture loop scopes are: "function", 
"class", "module", "package", "session"

  warnings.warn(PytestDeprecationWarning(_DEFAULT_FIXTURE_LOOP_SCOPE_UNSET))
============================= test session starts =============================
platform win32 -- Python 3.11.9, pytest-8.3.5, pluggy-1.6.0 -- C:\Projects\telegram-profiler\venv\Scripts\python.exe
cachedir: .pytest_cache
rootdir: C:\Projects\telegram-profiler
configfile: pytest.ini
plugins: anyio-4.13.0, asyncio-0.25.3, cov-6.1.1
asyncio: mode=Mode.AUTO, asyncio_default_fixture_loop_scope=None
collecting ... collected 1 item

tests/test_api_leads.py::test_list_ad_buyers_pagination FAILED           [100%]

================================== FAILURES ===================================
_______________________ test_list_ad_buyers_pagination ________________________

api_client = <httpx.AsyncClient object at 0x0000017650B277D0>
db_session = <sqlalchemy.ext.asyncio.session.AsyncSession object at 0x0000017650EBD450>

    @pytest.mark.asyncio
    async def test_list_ad_buyers_pagination(api_client, db_session):
        """Test pagination on the /leads/ad-buyers endpoint."""
        # 1. Cleanup and Prepare test data
        await db_session.execute(delete(Contact).where(Contact.source == "__api_test__"))
        await db_session.commit()
    
        for i in range(15):
            c = Contact(
                first_name=f"Lead {i:02d}",
                telegram_username=f"lead_{i:02d}",
                is_ad_buyer=True,
                ad_buyer_score=float(i),
                source="__api_test__"
            )
            db_session.add(c)
        await db_session.commit()
    
        # 2. Test first page
        response = await api_client.get("/api/leads/ad-buyers?page=1&page_size=10")
        assert response.status_code == 200
        data = response.json()
        assert len(data["contacts"]) == 10
        assert data["total"] >= 15
        assert data["page"] == 1
        assert data["page_size"] == 10
        # Highest score should be first (lead 14)
        assert data["contacts"][0]["first_name"] == "Lead 14"
    
        # 3. Test second page
        response = await api_client.get("/api/leads/ad-buyers?page=2&page_size=10")
        assert response.status_code == 200
        data = response.json()
>       assert len(data["contacts"]) == 5
E       AssertionError: assert 10 == 5
E        +  where 10 = len([{'id': 'c3926974-d54a-4594-95bb-590b45a049bf', 'first_name': 'Lead 04', 'last_name': None, 'company': None, 'position': None, 'email': None, 'phone': None, 'telegram_id': None, 'telegram_username': 'lead_04', 'linkedin_url': None, 'source': '__api_test__', 'interests': [], 'skills': [], 'notes': None, 'context': None, 'bio': None, 'profile_photo_path': None, 'is_ad_buyer': True, 'ad_buyer_score': 4.0, 'our_channel_ratio': 0.0, 'ad_context': {}, 'last_interaction': None, 'created_at': '2026-04-20T13:19:36.432763+00:00', 'updated_at': '2026-04-20T13:19:36.432763+00:00'}, {'id': '579357b6-f102-4407-a0fe-5d6aa6f13c67', 'first_name': 'Lead 03', 'last_name': None, 'company': None, 'position': None, 'email': None, 'phone': None, 'telegram_id': None, 'telegram_username': 'lead_03', 'linkedin_url': None, 'source': '__api_test__', 'interests': [], 'skills': [], 'notes': None, 'context': None, 'bio': None, 'profile_photo_path': None, 'is_ad_buyer': True, 'ad_buyer_score': 3.0, 'our_channel_ratio': 0.0, 'ad_context': {}, 'last_interaction': None, 'created_at': '2026-04-20T13:19:36.432763+00:00', 'updated_at': '2026-04-20T13:19:36.432763+00:00'}, {'id': 'bf83c465-7edb-40bb-880d-6f160ab182bd', 'first_name': 'Lead 02', 'last_name': None, 'company': None, 'position': None, 'email': None, 'phone': None, 'telegram_id': None, 'telegram_username': 'lead_02', 'linkedin_url': None, 'source': '__api_test__', 'interests': [], 'skills': [], 'notes': None, 'context': None, 'bio': None, 'profile_photo_path': None, 'is_ad_buyer': True, 'ad_buyer_score': 2.0, 'our_channel_ratio': 0.0, 'ad_context': {}, 'last_interaction': None, 'created_at': '2026-04-20T13:19:36.432763+00:00', 'updated_at': '2026-04-20T13:19:36.432763+00:00'}, {'id': '00039ae3-13ad-4263-992d-42c14e9ad061', 'first_name': 'beogradski_sale', 'last_name': None, 'company': None, 'position': None, 'email': None, 'phone': None, 'telegram_id': None, 'telegram_username': 'beogradski_sale', 'linkedin_url': None, 'source': 'heuristic_ad', 'interests': [], 'skills': [], 'notes': 'Heuristically detected as ad buyer. Match: Heuristic Match: \u0442\u0435\u043b\u0435\u0444\u043e\u043d', 'context': None, 'bio': None, 'profile_photo_path': None, 'is_ad_buyer': True, 'ad_buyer_score': 1.8, 'our_channel_ratio': 0.0, 'ad_context': {'ad_history': [{'quality': 3, 'summary': 'Heuristic Match: \u0442\u0435\u043b\u0435\u0444\u043e\u043d', 'evidence': '\u041f\u043e\u0434\u0441\u0442\u0430\u0432\u043a\u0430 \u0434\u043b\u044f \u043d\u043e\u0443\u0442\u0431\u0443\u043a\u0430 \u0432 \u0438\u0434\u0435\u0430\u043b\u044c\u043d\u043e\u043c \u0441\u043e\u0441\u0442\u043e\u044f\u043d\u0438\u0438. 1300 \u0440\u0441\u0434. \n\n\u0410\u0431\u0441\u043e\u0440\u0431\u0435\u0440 \u0432\u043b\u0430\u0433\u0438. \u0414\u0432\u0430 \u043a\u043e\u043d\u0442\u0435\u0439\u043d\u0435\u0440\u0430 \u0434\u043b\u044f \u043d\u0435\u0433\u043e \u0438 ...', 'group_id': '1750590723', 'timestamp': '2026-04-14T12:59:09+00:00', 'message_id': 'f228d65c-585a-4b21-a7f4-431876ee2da6'}]}, 'last_interaction': None, 'created_at': '2026-04-17T04:39:09.887553+00:00', 'updated_at': '2026-04-17T04:47:06.572352+00:00'}, {'id': 'b3b27e11-50aa-4ae3-8eb4-d7fb173d707b', 'first_name': 'Sofia', 'last_name': 'Smolianinova', 'company': None, 'position': None, 'email': None, 'phone': None, 'telegram_id': '191595808', 'telegram_username': 'smolianinovasof', 'linkedin_url': None, 'source': 'telegram', 'interests': [], 'skills': [], 'notes': None, 'context': None, 'bio': None, 'profile_photo_path': None, 'is_ad_buyer': True, 'ad_buyer_score': 1.8, 'our_channel_ratio': 0.0, 'ad_context': {'ad_history': [{'quality': 3, 'summary': 'Heuristic Match: \u0437\u0430\u043a\u0430\u0437', 'evidence': '\u0421\u0430\u043d\u0434\u0430\u043b\u0438 Camper - Pelotas Flota \u0440\u0430\u0437\u043c\u0435\u0440 39 \n\n\u041d\u043e\u0432\u044b\u0435, \u043e\u0440\u0438\u0433\u0438\u043d\u0430\u043b\u044c\u043d\u044b\u0435, \u043e\u0442\u0434\u0430\u043c \u0441 \u043a\u043e\u0440\u043e\u0431\u043a\u043e\u0439, \u0437\u0430\u043a\u0430\u0437\u044b\u0432\u0430\u043b\u0430 \u043e\u043d\u043b\u0430\u0439\u043d ...', 'group_id': '1524912570', 'timestamp': '2026-04-13T15:11:02+00:00', 'message_id': 'e5cf21f8-ec8e-4196-82f7-b3b4198afa62'}]}, 'last_interaction': None, 'created_at': '2026-04-16T09:55:34.484635+00:00', 'updated_at': '2026-04-18T02:45:00.892453+00:00'}, {'id': '0183687a-4bf6-4f7e-8db1-a6e1e3586380', 'first_name': 'Majstor_Serbia', 'last_name': None, 'company': None, 'position': None, 'email': None, 'phone': None, 'telegram_id': None, 'telegram_username': 'Majstor_Serbia', 'linkedin_url': None, 'source': 'heuristic_ad', 'interests': [], 'skills': [], 'notes': 'Heuristically detected as ad buyer. Match: Heuristic Match: \u043f\u0438\u0448\u0438\u0442\u0435', 'context': None, 'bio': None, 'profile_photo_path': None, 'is_ad_buyer': True, 'ad_buyer_score': 1.8, 'our_channel_ratio': 0.0, 'ad_context': {'ad_history': [{'quality': 3, 'summary': 'Heuristic Match: \u043f\u0438\u0448\u0438\u0442\u0435', 'evidence': '\U0001f6a7 \u041c\u0410\u0421\u0422\u0415\u0420 \u0412 \u0411\u0415\u041b\u0413\u0420\u0410\u0414\u0415 \U0001f6a7\n\n\u041c\u0430\u0441\u0442\u0435\u0440 \u043d\u0430 \u0447\u0430\u0441, \u0434\u0432\u0430 \u0438\u043b\u0438 \u0434\u0435\u043d\u044c, \u043a\u0430\u043a \u043f\u043e\u0439\u0434\u0435\u0442 \U0001f601 \n\n\u27a1\ufe0f https://t.me/Majstor_Serbia \n\U0001f947...', 'group_id': '1750590723', 'timestamp': '2026-04-14T10:56:41+00:00', 'message_id': 'f376bcbe-307e-4150-84bc-c3e010ed1a47'}]}, 'last_interaction': None, 'created_at': '2026-04-17T04:39:09.887553+00:00', 'updated_at': '2026-04-17T04:47:06.572352+00:00'}, {'id': '4824b9a9-2edd-4e08-9ad5-c9c1e6a67763', 'first_name': '\u041c\u0430\u0441\u0442\u0435\u0440 \u0412 \u0411\u0435\u043b\u0433\u0440\u0430\u0434\u0435', 'last_name': '', 'company': None, 'position': None, 'email': None, 'phone': None, 'telegram_id': '6722191823', 'telegram_username': 'Belgrade_master', 'linkedin_url': None, 'source': 'telegram', 'interests': [], 'skills': [], 'notes': None, 'context': None, 'bio': None, 'profile_photo_path': None, 'is_ad_buyer': True, 'ad_buyer_score': 1.8, 'our_channel_ratio': 0.0, 'ad_context': {'ad_history': [{'quality': 3, 'summary': 'Heuristic Match: \u0443\u0441\u043b\u0443\u0433\u0438', 'evidence': '**\u0421\u0410\u041d\u0422\u0415\u0425\u041d\u0418\u041a\n\n\u042d\u041b\u0415\u041a\u0422\u0420\u0418\u041a\n\n\u041c\u0410\u0421\u0422\u0415\u0420 \u041d\u0410 \u0427\u0410\u0421\n\n\u041c\u0410\u041b\u042f\u0420\u041d\u042b\u0415 \u0420\u0410\u0411\u041e\u0422\u042b\n\n\u0421\u0411\u041e\u0420\u0429\u0418\u041a \u041c\u0415\u0411\u0415\u041b\u0418**\n\n\n\n\u0414\u043e\u0431\u0440\u044b\u0439 \u0434\u0435\u043d\u044c! \u0423\u0441\u043b\u0443\u0433\u0438 \u043c\u0430\u0441\u0442\u0435...', 'group_id': '1750590723', 'timestamp': '2026-04-15T17:06:59+00:00', 'message_id': 'bd4ae04f-d1b7-4471-b3e4-c8c7d3187c73'}]}, 'last_interaction': None, 'created_at': '2026-04-16T09:55:34.484635+00:00', 'updated_at': '2026-04-18T00:50:08.113616+00:00'}, {'id': 'ce9ac784-96ae-4537-a6c1-4978d26f3632', 'first_name': 'domiko_bot', 'last_name': None, 'company': None, 'position': None, 'email': None, 'phone': None, 'telegram_id': None, 'telegram_username': 'domiko_bot', 'linkedin_url': None, 'source': 'heuristic_ad', 'interests': [], 'skills': [], 'notes': 'Heuristically detected as ad buyer. Match: Heuristic Match: \u0446\u0435\u043d\u0430 \u0430\u0440\u0435\u043d\u0434\u0430', 'context': None, 'bio': None, 'profile_photo_path': None, 'is_ad_buyer': True, 'ad_buyer_score': 1.8, 'our_channel_ratio': 0.0, 'ad_context': {'ad_history': [{'quality': 3, 'summary': 'Heuristic Match: \u0446\u0435\u043d\u0430 \u0430\u0440\u0435\u043d\u0434\u0430', 'evidence': '**2+1**, **7 \u044d\u0442\u0430\u0436** , **43 \u043a\u0432/\u043c**\n**850 EUR/\u043c\u0435\u0441\u044f\u0446**\n\u0446\u0435\u043d\u0442\u0440 \u0433\u043e\u0440\u043e\u0434\u0430\n\n__\u0411\u0435\u0437 \u0437\u0430\u043f\u0440\u0435\u0442\u0430 \u043d\u0430 \u043f\u0438\u0442\u043e\u043c\u0446\u0435\u0432__\n\n__\u041e\u0442\u043e...', 'group_id': '1667128738', 'timestamp': '2026-04-15T20:00:07+00:00', 'message_id': '65c67512-0c5f-4c9b-afb8-8aae251d3f53'}]}, 'last_interaction': None, 'created_at': '2026-04-17T04:47:46.506256+00:00', 'updated_at': '2026-04-19T21:03:18.242841+00:00'}, {'id': '378a6aa6-74cb-4974-9954-9118e5a78876', 'first_name': '\u0418\u0433\u043e\u0440\u044c \u0414\u043e\u043a\u0442\u043e\u0440 \u0437\u0430 \u043a\u043e\u043c\u043fj\u0443\u0442\u0435\u0440\u0435', 'last_name': '', 'company': None, 'position': None, 'email': None, 'phone': None, 'telegram_id': '517781579', 'telegram_username': 'viglrr', 'linkedin_url': None, 'source': 'telegram', 'interests': [], 'skills': [], 'notes': None, 'context': None, 'bio': None, 'profile_photo_path': None, 'is_ad_buyer': True, 'ad_buyer_score': 1.8, 'our_channel_ratio': 0.0, 'ad_context': {'ad_history': [{'quality': 3, 'summary': 'Heuristic Match: \u0437\u0430\u043a\u0430\u0437 \u043f\u043e\u043c\u043e\u0449\u044c (Business)', 'evidence': '\u041c\u043e\u0434\u0443\u043b\u044c\u043d\u044b\u0439 \u0440\u0435\u043c\u043e\u043d\u0442 \u043d\u043e\u0443\u0442\u0431\u0443\u043a\u043e\u0432 \u0438 \u043a\u043e\u043c\u043f\u044c\u044e\u0442\u0435\u0440\u043e\u0432. \u0410\u043f\u0433\u0440\u0435\u0439\u0434\n\u0427\u0438\u0441\u0442\u043a\u0430 \u0441\u0438\u0441\u0442\u0435\u043c\u044b \u043e\u0445\u043b\u0430\u0436\u0434\u0435\u043d\u0438\u044f, \u0437\u0430\u043c\u0435\u043d\u0430 \u0442\u0435\u0440\u043c\u043e\u043f\u0430\u0441\u0442\u044b \u0438 \u0442\u0435\u0440...', 'group_id': '1524912570', 'timestamp': '2026-04-14T21:59:56+00:00', 'message_id': '71fd004c-5e7f-425b-890d-c54d98a7b7f1'}]}, 'last_interaction': None, 'created_at': '2026-04-16T09:55:34.484635+00:00', 'updated_at': '2026-04-18T03:15:01.940412+00:00'}, {'id': '01d8fe82-a2d2-456e-8bfe-f3dc0ae3c40c', 'first_name': '\u0414\u0430\u0440\u044c\u044f', 'last_name': '\u0411\u044b\u0442\u0447\u0435\u043d\u043a\u043e', 'company': None, 'position': None, 'email': None, 'phone': None, 'telegram_id': '250271939', 'telegram_username': 'daria_by_star', 'linkedin_url': None, 'source': 'telegram', 'interests': [], 'skills': [], 'notes': None, 'context': None, 'bio': None, 'profile_photo_path': None, 'is_ad_buyer': True, 'ad_buyer_score': 1.8, 'our_channel_ratio': 0.0, 'ad_context': {'ad_history': [{'quality': 3, 'summary': 'Heuristic Match: \u0446\u0435\u043d\u0430', 'evidence': '\u041a\u043e\u043c\u0431\u0438\u043d\u0435\u0437\u043e\u043d \u043d\u0430 \u043e\u0441\u0435\u043d\u044c-\u0432\u0435\u0441\u043d\u0430. \u041d\u043e\u0441\u0438\u043b\u0438 \u043d\u0435\u043c\u043d\u043e\u0433\u043e. \u0420\u0430\u0437\u043c\u0435\u0440 74-80\n\u0426\u0435\u043d\u0430 700 \u0434\u0438\u043d\u0430\u0440\n\n\u041d\u043e\u0432\u044b\u0439 \u0411\u0435\u043b\u0433\u0440\u0430\u0434, \u0431\u043b\u043e\u043a 62. \u0414\u0440\u0443\u0433...', 'group_id': '1524912570', 'timestamp': '2026-04-13T17:15:42+00:00', 'message_id': 'aa2e3dcb-b0f2-49f8-9891-4a52ea9f5a3c'}]}, 'last_interaction': None, 'created_at': '2026-04-16T10:04:07.790089+00:00', 'updated_at': '2026-04-17T04:47:06.572352+00:00'}])

tests\test_api_leads.py:41: AssertionError
=========================== short test summary info ===========================
FAILED tests/test_api_leads.py::test_list_ad_buyers_pagination - AssertionError: assert 10 == 5
 +  where 10 = len([{'id': 'c3926974-d54a-4594-95bb-590b45a049bf', 'first_name': 'Lead 04', 'last_name': None, 'company': None, 'position': None, 'email': None, 'phone': None, 'telegram_id': None, 'telegram_username': 'lead_04', 'linkedin_url': None, 'source': '__api_test__', 'interests': [], 'skills': [], 'notes': None, 'context': None, 'bio': None, 'profile_photo_path': None, 'is_ad_buyer': True, 'ad_buyer_score': 4.0, 'our_channel_ratio': 0.0, 'ad_context': {}, 'last_interaction': None, 'created_at': '2026-04-20T13:19:36.432763+00:00', 'updated_at': '2026-04-20T13:19:36.432763+00:00'}, {'id': '579357b6-f102-4407-a0fe-5d6aa6f13c67', 'first_name': 'Lead 03', 'last_name': None, 'company': None, 'position': None, 'email': None, 'phone': None, 'telegram_id': None, 'telegram_username': 'lead_03', 'linkedin_url': None, 'source': '__api_test__', 'interests': [], 'skills': [], 'notes': None, 'context': None, 'bio': None, 'profile_photo_path': None, 'is_ad_buyer': True, 'ad_buyer_score': 3.0, 'our_channel_ratio': 0.0, 'ad_context': {}, 'last_interaction': None, 'created_at': '2026-04-20T13:19:36.432763+00:00', 'updated_at': '2026-04-20T13:19:36.432763+00:00'}, {'id': 'bf83c465-7edb-40bb-880d-6f160ab182bd', 'first_name': 'Lead 02', 'last_name': None, 'company': None, 'position': None, 'email': None, 'phone': None, 'telegram_id': None, 'telegram_username': 'lead_02', 'linkedin_url': None, 'source': '__api_test__', 'interests': [], 'skills': [], 'notes': None, 'context': None, 'bio': None, 'profile_photo_path': None, 'is_ad_buyer': True, 'ad_buyer_score': 2.0, 'our_channel_ratio': 0.0, 'ad_context': {}, 'last_interaction': None, 'created_at': '2026-04-20T13:19:36.432763+00:00', 'updated_at': '2026-04-20T13:19:36.432763+00:00'}, {'id': '00039ae3-13ad-4263-992d-42c14e9ad061', 'first_name': 'beogradski_sale', 'last_name': None, 'company': None, 'position': None, 'email': None, 'phone': None, 'telegram_id': None, 'telegram_username': 'beogradski_sale', 'linkedin_url': None, 'source': 'heuristic_ad', 'interests': [], 'skills': [], 'notes': 'Heuristically detected as ad buyer. Match: Heuristic Match: \u0442\u0435\u043b\u0435\u0444\u043e\u043d', 'context': None, 'bio': None, 'profile_photo_path': None, 'is_ad_buyer': True, 'ad_buyer_score': 1.8, 'our_channel_ratio': 0.0, 'ad_context': {'ad_history': [{'quality': 3, 'summary': 'Heuristic Match: \u0442\u0435\u043b\u0435\u0444\u043e\u043d', 'evidence': '\u041f\u043e\u0434\u0441\u0442\u0430\u0432\u043a\u0430 \u0434\u043b\u044f \u043d\u043e\u0443\u0442\u0431\u0443\u043a\u0430 \u0432 \u0438\u0434\u0435\u0430\u043b\u044c\u043d\u043e\u043c \u0441\u043e\u0441\u0442\u043e\u044f\u043d\u0438\u0438. 1300 \u0440\u0441\u0434. \n\n\u0410\u0431\u0441\u043e\u0440\u0431\u0435\u0440 \u0432\u043b\u0430\u0433\u0438. \u0414\u0432\u0430 \u043a\u043e\u043d\u0442\u0435\u0439\u043d\u0435\u0440\u0430 \u0434\u043b\u044f \u043d\u0435\u0433\u043e \u0438 ...', 'group_id': '1750590723', 'timestamp': '2026-04-14T12:59:09+00:00', 'message_id': 'f228d65c-585a-4b21-a7f4-431876ee2da6'}]}, 'last_interaction': None, 'created_at': '2026-04-17T04:39:09.887553+00:00', 'updated_at': '2026-04-17T04:47:06.572352+00:00'}, {'id': 'b3b27e11-50aa-4ae3-8eb4-d7fb173d707b', 'first_name': 'Sofia', 'last_name': 'Smolianinova', 'company': None, 'position': None, 'email': None, 'phone': None, 'telegram_id': '191595808', 'telegram_username': 'smolianinovasof', 'linkedin_url': None, 'source': 'telegram', 'interests': [], 'skills': [], 'notes': None, 'context': None, 'bio': None, 'profile_photo_path': None, 'is_ad_buyer': True, 'ad_buyer_score': 1.8, 'our_channel_ratio': 0.0, 'ad_context': {'ad_history': [{'quality': 3, 'summary': 'Heuristic Match: \u0437\u0430\u043a\u0430\u0437', 'evidence': '\u0421\u0430\u043d\u0434\u0430\u043b\u0438 Camper - Pelotas Flota \u0440\u0430\u0437\u043c\u0435\u0440 39 \n\n\u041d\u043e\u0432\u044b\u0435, \u043e\u0440\u0438\u0433\u0438\u043d\u0430\u043b\u044c\u043d\u044b\u0435, \u043e\u0442\u0434\u0430\u043c \u0441 \u043a\u043e\u0440\u043e\u0431\u043a\u043e\u0439, \u0437\u0430\u043a\u0430\u0437\u044b\u0432\u0430\u043b\u0430 \u043e\u043d\u043b\u0430\u0439\u043d ...', 'group_id': '1524912570', 'timestamp': '2026-04-13T15:11:02+00:00', 'message_id': 'e5cf21f8-ec8e-4196-82f7-b3b4198afa62'}]}, 'last_interaction': None, 'created_at': '2026-04-16T09:55:34.484635+00:00', 'updated_at': '2026-04-18T02:45:00.892453+00:00'}, {'id': '0183687a-4bf6-4f7e-8db1-a6e1e3586380', 'first_name': 'Majstor_Serbia', 'last_name': None, 'company': None, 'position': None, 'email': None, 'phone': None, 'telegram_id': None, 'telegram_username': 'Majstor_Serbia', 'linkedin_url': None, 'source': 'heuristic_ad', 'interests': [], 'skills': [], 'notes': 'Heuristically detected as ad buyer. Match: Heuristic Match: \u043f\u0438\u0448\u0438\u0442\u0435', 'context': None, 'bio': None, 'profile_photo_path': None, 'is_ad_buyer': True, 'ad_buyer_score': 1.8, 'our_channel_ratio': 0.0, 'ad_context': {'ad_history': [{'quality': 3, 'summary': 'Heuristic Match: \u043f\u0438\u0448\u0438\u0442\u0435', 'evidence': '\U0001f6a7 \u041c\u0410\u0421\u0422\u0415\u0420 \u0412 \u0411\u0415\u041b\u0413\u0420\u0410\u0414\u0415 \U0001f6a7\n\n\u041c\u0430\u0441\u0442\u0435\u0440 \u043d\u0430 \u0447\u0430\u0441, \u0434\u0432\u0430 \u0438\u043b\u0438 \u0434\u0435\u043d\u044c, \u043a\u0430\u043a \u043f\u043e\u0439\u0434\u0435\u0442 \U0001f601 \n\n\u27a1\ufe0f https://t.me/Majstor_Serbia \n\U0001f947...', 'group_id': '1750590723', 'timestamp': '2026-04-14T10:56:41+00:00', 'message_id': 'f376bcbe-307e-4150-84bc-c3e010ed1a47'}]}, 'last_interaction': None, 'created_at': '2026-04-17T04:39:09.887553+00:00', 'updated_at': '2026-04-17T04:47:06.572352+00:00'}, {'id': '4824b9a9-2edd-4e08-9ad5-c9c1e6a67763', 'first_name': '\u041c\u0430\u0441\u0442\u0435\u0440 \u0412 \u0411\u0435\u043b\u0433\u0440\u0430\u0434\u0435', 'last_name': '', 'company': None, 'position': None, 'email': None, 'phone': None, 'telegram_id': '6722191823', 'telegram_username': 'Belgrade_master', 'linkedin_url': None, 'source': 'telegram', 'interests': [], 'skills': [], 'notes': None, 'context': None, 'bio': None, 'profile_photo_path': None, 'is_ad_buyer': True, 'ad_buyer_score': 1.8, 'our_channel_ratio': 0.0, 'ad_context': {'ad_history': [{'quality': 3, 'summary': 'Heuristic Match: \u0443\u0441\u043b\u0443\u0433\u0438', 'evidence': '**\u0421\u0410\u041d\u0422\u0415\u0425\u041d\u0418\u041a\n\n\u042d\u041b\u0415\u041a\u0422\u0420\u0418\u041a\n\n\u041c\u0410\u0421\u0422\u0415\u0420 \u041d\u0410 \u0427\u0410\u0421\n\n\u041c\u0410\u041b\u042f\u0420\u041d\u042b\u0415 \u0420\u0410\u0411\u041e\u0422\u042b\n\n\u0421\u0411\u041e\u0420\u0429\u0418\u041a \u041c\u0415\u0411\u0415\u041b\u0418**\n\n\n\n\u0414\u043e\u0431\u0440\u044b\u0439 \u0434\u0435\u043d\u044c! \u0423\u0441\u043b\u0443\u0433\u0438 \u043c\u0430\u0441\u0442\u0435...', 'group_id': '1750590723', 'timestamp': '2026-04-15T17:06:59+00:00', 'message_id': 'bd4ae04f-d1b7-4471-b3e4-c8c7d3187c73'}]}, 'last_interaction': None, 'created_at': '2026-04-16T09:55:34.484635+00:00', 'updated_at': '2026-04-18T00:50:08.113616+00:00'}, {'id': 'ce9ac784-96ae-4537-a6c1-4978d26f3632', 'first_name': 'domiko_bot', 'last_name': None, 'company': None, 'position': None, 'email': None, 'phone': None, 'telegram_id': None, 'telegram_username': 'domiko_bot', 'linkedin_url': None, 'source': 'heuristic_ad', 'interests': [], 'skills': [], 'notes': 'Heuristically detected as ad buyer. Match: Heuristic Match: \u0446\u0435\u043d\u0430 \u0430\u0440\u0435\u043d\u0434\u0430', 'context': None, 'bio': None, 'profile_photo_path': None, 'is_ad_buyer': True, 'ad_buyer_score': 1.8, 'our_channel_ratio': 0.0, 'ad_context': {'ad_history': [{'quality': 3, 'summary': 'Heuristic Match: \u0446\u0435\u043d\u0430 \u0430\u0440\u0435\u043d\u0434\u0430', 'evidence': '**2+1**, **7 \u044d\u0442\u0430\u0436** , **43 \u043a\u0432/\u043c**\n**850 EUR/\u043c\u0435\u0441\u044f\u0446**\n\u0446\u0435\u043d\u0442\u0440 \u0433\u043e\u0440\u043e\u0434\u0430\n\n__\u0411\u0435\u0437 \u0437\u0430\u043f\u0440\u0435\u0442\u0430 \u043d\u0430 \u043f\u0438\u0442\u043e\u043c\u0446\u0435\u0432__\n\n__\u041e\u0442\u043e...', 'group_id': '1667128738', 'timestamp': '2026-04-15T20:00:07+00:00', 'message_id': '65c67512-0c5f-4c9b-afb8-8aae251d3f53'}]}, 'last_interaction': None, 'created_at': '2026-04-17T04:47:46.506256+00:00', 'updated_at': '2026-04-19T21:03:18.242841+00:00'}, {'id': '378a6aa6-74cb-4974-9954-9118e5a78876', 'first_name': '\u0418\u0433\u043e\u0440\u044c \u0414\u043e\u043a\u0442\u043e\u0440 \u0437\u0430 \u043a\u043e\u043c\u043fj\u0443\u0442\u0435\u0440\u0435', 'last_name': '', 'company': None, 'position': None, 'email': None, 'phone': None, 'telegram_id': '517781579', 'telegram_username': 'viglrr', 'linkedin_url': None, 'source': 'telegram', 'interests': [], 'skills': [], 'notes': None, 'context': None, 'bio': None, 'profile_photo_path': None, 'is_ad_buyer': True, 'ad_buyer_score': 1.8, 'our_channel_ratio': 0.0, 'ad_context': {'ad_history': [{'quality': 3, 'summary': 'Heuristic Match: \u0437\u0430\u043a\u0430\u0437 \u043f\u043e\u043c\u043e\u0449\u044c (Business)', 'evidence': '\u041c\u043e\u0434\u0443\u043b\u044c\u043d\u044b\u0439 \u0440\u0435\u043c\u043e\u043d\u0442 \u043d\u043e\u0443\u0442\u0431\u0443\u043a\u043e\u0432 \u0438 \u043a\u043e\u043c\u043f\u044c\u044e\u0442\u0435\u0440\u043e\u0432. \u0410\u043f\u0433\u0440\u0435\u0439\u0434\n\u0427\u0438\u0441\u0442\u043a\u0430 \u0441\u0438\u0441\u0442\u0435\u043c\u044b \u043e\u0445\u043b\u0430\u0436\u0434\u0435\u043d\u0438\u044f, \u0437\u0430\u043c\u0435\u043d\u0430 \u0442\u0435\u0440\u043c\u043e\u043f\u0430\u0441\u0442\u044b \u0438 \u0442\u0435\u0440...', 'group_id': '1524912570', 'timestamp': '2026-04-14T21:59:56+00:00', 'message_id': '71fd004c-5e7f-425b-890d-c54d98a7b7f1'}]}, 'last_interaction': None, 'created_at': '2026-04-16T09:55:34.484635+00:00', 'updated_at': '2026-04-18T03:15:01.940412+00:00'}, {'id': '01d8fe82-a2d2-456e-8bfe-f3dc0ae3c40c', 'first_name': '\u0414\u0430\u0440\u044c\u044f', 'last_name': '\u0411\u044b\u0442\u0447\u0435\u043d\u043a\u043e', 'company': None, 'position': None, 'email': None, 'phone': None, 'telegram_id': '250271939', 'telegram_username': 'daria_by_star', 'linkedin_url': None, 'source': 'telegram', 'interests': [], 'skills': [], 'notes': None, 'context': None, 'bio': None, 'profile_photo_path': None, 'is_ad_buyer': True, 'ad_buyer_score': 1.8, 'our_channel_ratio': 0.0, 'ad_context': {'ad_history': [{'quality': 3, 'summary': 'Heuristic Match: \u0446\u0435\u043d\u0430', 'evidence': '\u041a\u043e\u043c\u0431\u0438\u043d\u0435\u0437\u043e\u043d \u043d\u0430 \u043e\u0441\u0435\u043d\u044c-\u0432\u0435\u0441\u043d\u0430. \u041d\u043e\u0441\u0438\u043b\u0438 \u043d\u0435\u043c\u043d\u043e\u0433\u043e. \u0420\u0430\u0437\u043c\u0435\u0440 74-80\n\u0426\u0435\u043d\u0430 700 \u0434\u0438\u043d\u0430\u0440\n\n\u041d\u043e\u0432\u044b\u0439 \u0411\u0435\u043b\u0433\u0440\u0430\u0434, \u0431\u043b\u043e\u043a 62. \u0414\u0440\u0443\u0433...', 'group_id': '1524912570', 'timestamp': '2026-04-13T17:15:42+00:00', 'message_id': 'aa2e3dcb-b0f2-49f8-9891-4a52ea9f5a3c'}]}, 'last_interaction': None, 'created_at': '2026-04-16T10:04:07.790089+00:00', 'updated_at': '2026-04-17T04:47:06.572352+00:00'}])
============================== 1 failed in 0.76s ==============================
C:\Projects\telegram-profiler\venv\Lib\site-packages\asyncpg\connection.py:135: ResourceWarning: unclosed connection 
<asyncpg.connection.Connection object at 0x000001765116E7A0>; run in asyncio debug mode to show the traceback of 
connection origin
C:\Users\Cantor Dallocort\AppData\Local\Programs\Python\Python311\Lib\asyncio\proactor_events.py:116: ResourceWarning: 
unclosed transport <_ProactorSocketTransport fd=676 read=<_OverlappedFuture cancelled>>
